R version 4.3.3 (2024-02-29) -- "Angel Food Cake"
Copyright (C) 2024 The R Foundation for Statistical Computing
Platform: x86_64-pc-linux-gnu (64-bit)

R is free software and comes with ABSOLUTELY NO WARRANTY.
You are welcome to redistribute it under certain conditions.
Type 'license()' or 'licence()' for distribution details.

R is a collaborative project with many contributors.
Type 'contributors()' for more information and
'citation()' on how to cite R or R packages in publications.

Type 'demo()' for some demos, 'help()' for on-line help, or
'help.start()' for an HTML browser interface to help.
Type 'q()' to quit R.

> > library(tidyverse)
── Attaching core tidyverse packages ── tidyverse 2.0.0 ──
✔ dplyr     1.1.2     ✔ readr     2.1.4
✔ forcats   1.0.0     ✔ stringr   1.5.0
✔ ggplot2   3.4.2     ✔ tibble    3.2.1
✔ lubridate 1.9.2     ✔ tidyr     1.3.0
✔ purrr     1.0.1     
── Conflicts ────────���─────────── tidyverse_conflicts() ──
✖ dplyr::filter() masks stats::filter()
✖ dplyr::lag()    masks stats::lag()
ℹ Use the conflicted package to force all conflicts to become errors
> library(palmerpenguins)
> > library(tidyverse)
> library(palmerpenguins)
> > library(ggplot2)
> > library(palmerpenguins)
> > data(penguins)
> > View(penguins)
> > > ggplot(data = penguins) +
+ +   geom_point(mapping = aes(x = flipper_length_mm, y = body_mass_g))
Warning: Removed 2 rows containing
missing values
(`geom_point()`).
> > > ggplot(data = penguins) +
+ +   geom_point(mapping = aes(x = flipper_length_mm, y = body_mass_g))
Warning: Removed 2 rows containing
missing values
(`geom_point()`).
> > > library(ggplot2)
> > library(palmerpenguins)
> > data(penguins)
> > View(penguins)
> Session restored from your saved work on 2025-May-06 15:30:28 UTC (3 hours ago)
> 
> library(tidyverse)
> library(palmerpenguins)
> source("/cloud/project/ggplot_hook.R")
Error in eval(ei, envir) : object 'species' not found
In addition: Warning message:
In normalizePath(quartoSrcFile, winslash = "/") :
  path[1]="": No such file or directory
> source("/cloud/project/ggplot_hook.R")
Error in eval(ei, envir) : object 'species' not found
